116 busquedas activas | 119 negocios ya en la base


[1/116] Peluquerías -> peluquería en Rosario
   Listado cargado: 122 resultados.
   122 tarjetas a procesar.
   10/122...
   20/122...
   30/122...
   40/122...
   50/122...
   60/122...
   70/122...
   80/122...
   90/122...
   100/122...
   110/122...
   120/122...
   21/122 sin telefono.
   Extraidos 122 negocios.
   +115 nuevos (7 repetidos) | total 234

[2/116] Peluquerías -> peluquería unisex en Rosario
   Listado cargado: 122 resultados.
   122 tarjetas a procesar.
   20/122...
   50/122...
   70/122...
   80/122...
   90/122...
   100/122...
   110/122...
   120/122...
   18/91 sin telefono.
   31 ya estaban en la base (no se abrieron).
   Extraidos 91 negocios.
   +77 nuevos (14 repetidos) | total 311

[3/116] Peluquerías -> salón de belleza en Rosario
   Listado cargado: 124 resultados.
   124 tarjetas a procesar.
   20/124...
   30/124...
   90/124...
   100/124...
   110/124...
   120/124...
   27/79 sin telefono.
   45 ya estaban en la base (no se abrieron).
   Extraidos 79 negocios.
   +62 nuevos (17 repetidos) | total 373

[4/116] Peluquerías -> peluquería para mujeres en Rosario
   Listado cargado: 78 resultados.
   78 tarjetas a procesar.
   50/78...
   70/78...
   5/28 sin telefono.
   50 ya estaban en la base (no se abrieron).
   Extraidos 28 negocios.
   +20 nuevos (8 repetidos) | total 393

[5/116] Barberías -> barbería en Rosario
   Listado cargado: 122 resultados.
   122 tarjetas a procesar.
   20/122...
   90/122...
   120/122...
   24/61 sin telefono.
   61 ya estaban en la base (no se abrieron).
   Extraidos 61 negocios.
   +49 nuevos (12 repetidos) | total 442

[6/116] Barberías -> barber shop en Rosario
   Listado cargado: 121 resultados.
   121 tarjetas a procesar.
   10/121...
   40/121...
   50/121...
   80/121...
   110/121...
   120/121...
   28/55 sin telefono.
   66 ya estaban en la base (no se abrieron).
   Extraidos 55 negocios.
   +41 nuevos (14 repetidos) | total 483

[7/116] Barberías -> peluquería masculina en Rosario
   Listado cargado: 116 resultados.
   116 tarjetas a procesar.
   10/116...
   40/116...
   70/116...
